
export NORSU_PATH="$PWD/pg"

# install instance
norsu install master
Selected instance: master
	=> No work dir, choosing repo & branch
	=> Selected repo git://git.postgresql.org/git/postgresql.git
	=> Selected branch master
	=> Cloned git repo to work dir
	=> Configured sources with ['CFLAGS=-g3', '--enable-cassert']
	=> Built and installed


# show configure flags
"$(norsu path master)/bin/pg_config" > /dev/null

# remove only installation
rm -rf "$(norsu path master)"

# quick reinstall
norsu install master
Selected instance: master
	=> Current branch: master
	=> Installed build is out of date
	=> Built and installed


# remove instance
norsu remove master
Selected instance: master
	=> Removed main dir
	=> Removed work dir


# remove dir
rm -rf "$NORSU_PATH"
