
export NORSU_PATH="$PWD/pg"

# run with default options
norsu

# check files
if [ -e "$NORSU_PATH" ]; then echo OK; fi
OK
if [ -e "$NORSU_PATH/.norsu" ]; then echo OK; fi
OK
if [ -e "$NORSU_PATH/.norsu.toml" ]; then echo OK; fi
OK

# check default config
cat "$NORSU_PATH/.norsu.toml"
[repos]
urls = [ "git://git.postgresql.org/git/postgresql.git",]
first_match = true

[build]
configure_options = [ "CFLAGS=-g3", "--enable-cassert",]
jobs = 1

[pgxs]
default_targets = [ "clean", "install",]
default_options = []

[tools]
make = "make"

[misc]
colors = true

[commands.remove]
require_args = true

# remove dir
rm -rf "$NORSU_PATH"
